// Jest Snapshot v1, https://goo.gl/fbAQLP

exports[`hookScript should match snapshot (OS X/Linux) 1`] = `
"#!/bin/sh -e
# husky
# v0.15.0-rc.9 darwin

read stdin
export GIT_STDIN=$stdin
export GIT_PARAMS=\\"$*\\"
node_modules/run-node/run-node ./node_modules/husky/lib/runner/bin \`basename \\"$0\\"\`
"
`;

exports[`hookScript should match snapshot (Windows) 1`] = `
"#!/bin/sh -e
# husky
# v0.15.0-rc.9 win32

read stdin
export GIT_STDIN=$stdin
export GIT_PARAMS=\\"$*\\"
node ./node_modules/husky/lib/runner/bin \`basename \\"$0\\"\`
"
`;
